Get:1 file:/etc/apt/apt-mirrors.txt Mirrorlist [144 B]
Hit:2 http://azure.archive.ubuntu.com/ubuntu noble InRelease
Get:6 https://packages.microsoft.com/ubuntu/24.04/prod noble InRelease [3600 B]
Get:3 http://azure.archive.ubuntu.com/ubuntu noble-updates InRelease [126 kB]
Get:4 http://azure.archive.ubuntu.com/ubuntu noble-backports InRelease [126 kB]
Get:5 http://azure.archive.ubuntu.com/ubuntu noble-security InRelease [126 kB]
Get:7 https://packages.microsoft.com/ubuntu/24.04/prod noble/main arm64 Packages [458 kB]
Get:8 https://packages.microsoft.com/ubuntu/24.04/prod noble/main armhf Packages [12.6 kB]
Get:9 https://packages.microsoft.com/ubuntu/24.04/prod noble/main amd64 Packages [511 kB]
Get:10 http://azure.archive.ubuntu.com/ubuntu noble-updates/main amd64 Packages [1364 kB]
Get:11 http://azure.archive.ubuntu.com/ubuntu noble-updates/main Translation-en [304 kB]
Get:12 http://azure.archive.ubuntu.com/ubuntu noble-updates/main amd64 Components [181 kB]
Get:13 http://azure.archive.ubuntu.com/ubuntu noble-updates/universe amd64 Packages [1699 kB]
Get:14 http://azure.archive.ubuntu.com/ubuntu noble-updates/universe Translation-en [341 kB]
Get:15 http://azure.archive.ubuntu.com/ubuntu noble-updates/universe amd64 Components [388 kB]
Get:16 http://azure.archive.ubuntu.com/ubuntu noble-updates/restricted amd64 Packages [1720 kB]
Get:17 http://azure.archive.ubuntu.com/ubuntu noble-updates/restricted Translation-en [394 kB]
Get:18 http://azure.archive.ubuntu.com/ubuntu noble-updates/multiverse amd64 Components [940 B]
Get:19 http://azure.archive.ubuntu.com/ubuntu noble-backports/main amd64 Components [5736 B]
Get:20 http://azure.archive.ubuntu.com/ubuntu noble-backports/universe amd64 Components [12.6 kB]
Get:21 http://azure.archive.ubuntu.com/ubuntu noble-security/main amd64 Packages [1069 kB]
Get:22 http://azure.archive.ubuntu.com/ubuntu noble-security/main Translation-en [221 kB]
Get:23 http://azure.archive.ubuntu.com/ubuntu noble-security/main amd64 Components [46.5 kB]
Get:24 http://azure.archive.ubuntu.com/ubuntu noble-security/universe amd64 Packages [1216 kB]
Get:25 http://azure.archive.ubuntu.com/ubuntu noble-security/universe Translation-en [244 kB]
Get:26 http://azure.archive.ubuntu.com/ubuntu noble-security/universe amd64 Components [76.3 kB]
Get:27 http://azure.archive.ubuntu.com/ubuntu noble-security/restricted amd64 Packages [1566 kB]
Get:28 http://azure.archive.ubuntu.com/ubuntu noble-security/restricted Translation-en [361 kB]
Err:28 http://azure.archive.ubuntu.com/ubuntu noble-security/restricted Translation-en
  Write error - write (28: No space left on device)
Get:28 http://azure.archive.ubuntu.com/ubuntu noble-security/restricted Translation-en [419 kB]
Err:28 http://azure.archive.ubuntu.com/ubuntu noble-security/restricted Translation-en
  Write error - write (28: No space left on device)
Ign:28 http://azure.archive.ubuntu.com/ubuntu noble-security/restricted Translation-en
Ign:28 https://archive.ubuntu.com/ubuntu noble-security/restricted Translation-en
Ign:28 https://security.ubuntu.com/ubuntu noble-security/restricted Translation-en
Ign:28 https://security.ubuntu.com/ubuntu noble-security/restricted Translation-en
Ign:28 https://security.ubuntu.com/ubuntu noble-security/restricted Translation-en
Err:28 https://security.ubuntu.com/ubuntu noble-security/restricted Translation-en
  Write error - write (28: No space left on device)
Fetched 12.6 MB in 3s (3673 kB/s)
Reading package lists...
E: Failed to fetch https://security.ubuntu.com/ubuntu/dists/noble-security/restricted/i18n/Translation-en  Write error - write (28: No space left on device)
E: Some index files failed to download. They have been ignored, or old ones used instead.
